-----------------------------------------------------------------------------------------------------------------
      name:  <unnamed>
       log:  /Users/miguelportela/Documents/GitHub/Stata_Training/3.Panel_Data/logs/panel_analysis_full_exercise.
> txt
  log type:  text
 opened on:  27 Oct 2022, 15:05:55
r; t=0.00 15:05:55

. 
. // # 1. READ THE DATA AND DEFINE THE SAMPLE
. 
.                 use ../data/growthdata, clear
r; t=0.00 15:05:55

. 
end of do-file

r; t=0.00 15:05:55
. r; t=0.28 15:06:11
do "/var/folders/jn/45p43wcj7sz8v9scyjv_0l6h0000gn/T//SD93009.000000"

. clear all
r; t=0.08 22:27:22

. set more off
r; t=0.00 22:27:22

. 
. capture cd "D:\miguel\Dropbox\ASF_Poupança Longo Prazo\Relatorio\_INQUERITO_Data_Stats"
r; t=0.05 22:27:22

. capture cd "/Users/miguelportela/Dropbox/ASF_Poupança Longo Prazo/Relatorio/_INQUERITO_Data_Stats"
r; t=0.00 22:27:22

. 
. use data_dashboard, clear
r; t=0.00 22:27:22

. 
end of do-file

r; t=0.14 22:27:22
. do "/var/folders/jn/45p43wcj7sz8v9scyjv_0l6h0000gn/T//SD93009.000000"

. clear all
r; t=0.07 9:34:11

. set more off
r; t=0.00 9:34:11

. set rmsg on
r; t=0.00 9:34:11

. 
. capture cd "/Users/miguelportela/Dropbox/ASF_Poupança Longo Prazo/Relatorio/_INQUERITO_Data_Stats"
r; t=0.00 9:34:11

. capture cd "D:\miguel\Dropbox\ASF_Poupança Longo Prazo\Relatorio\_INQUERITO_Data_Stats"
r; t=0.00 9:34:11

. 
end of do-file

r; t=0.07 9:34:11
. do "/var/folders/jn/45p43wcj7sz8v9scyjv_0l6h0000gn/T//SD93009.000000"

. clear all
r; t=0.05 9:35:56

. set more off
r; t=0.00 9:35:56

. set rmsg on
r; t=0.00 9:35:56

. 
. capture cd "/Users/miguelportela/Dropbox/ASF_Poupança Longo Prazo/Relatorio/_INQUERITO_Data_Stats"
r; t=0.00 9:35:56

. capture cd "D:\miguel\Dropbox\ASF_Poupança Longo Prazo\Relatorio\_INQUERITO_Data_Stats"
r; t=0.00 9:35:56

. 
. /*
> /*
> use "DADOS_CONJUNTOS_FINAL2.dta", clear
>         compress
>         save tmp, replace
>         clear all
>         capture unicode erasebackups, badidea
>         unicode analyze tmp.dta
>         //unicode translate tmp.dta, invalid(ignore) encoding(latin1)
>         unicode retranslate tmp.dta, invalid(ignore) encoding(latin1)
>         
>         use tmp, clear
>         compress
>         
>         label var A1 "Género"
>         label var D_TIPO "Qual é o seu distrito de residência principal"
>         label var C_TIPO "Em que CONCELHO reside?"
>         label var NUTS2 "Em que REGIÃO reside?"
>         save data_clean, replace
> */
> 
> 
> use data_clean, clear
> 
>         codebook, compact
>         egen nmiss = rowmiss(_all)
>         tab nmiss
> 
> 
> // LABELS VALORES
> 
> tab A10
> 
> /*
> # delimit ;
> 
> label define A11 0      "Não sabe ler/escrever"
> 1       "Sabe ler e escrever / Não completou instrução primária"
> 2       "1º Ciclo – Instrução Primária Completa"
> 3       "2º Ciclo – 6ºano / Antigo 2ºano (completo)"
> 4       "3º Ciclo – 9ºano / Antigo 5ºano (completo)"
> 5       "Secundário – 11/12ºano / Antigo 7ºano (completo)"
> 6       "Licenciatura ou Bacharelato"
> 7       "Mestrado"
> 8       "Doutoramento";
> 
> # delimit cr    
> */
> 
> tab A11, miss
>         
> destring A11, replace force
> label values A11 A10
> tab A11, sort miss
> 
> // LABELS
> 
> des PI1_1_1 PI1_1_2 PI1_1_3 PI1_1_4 PI1_1_5 PI1_1_6 PI1_1_7 PI1_2_8 PI1_2_9 PI1_2_10 PI1_2_11 PI1_2_12 P
> I1_2_13 PI1_2_14 PI1_3_15 PI1_3_16 PI1_3_17 PI1_3_18 PI1_3_19 PI1_3_20 PI1_3_21
> 
> // --> perdemos os labels das destas vars:
> 
> //label list PI1_1_1 PI1_1_2 PI1_1_3 PI1_1_4 PI1_1_5 PI1_1_6 PI1_1_7
> 
> //label list PI1_2_8 PI1_2_9 PI1_2_10 PI1_2_11 PI1_2_12 PI1_2_13 PI1_2_14
> 
> //label list PI1_3_15 PI1_3_16 PI1_3_17 PI1_3_18 PI1_3_19 PI1_3_20 PI1_3_21
> 
> label var PI1_1_1 "PI1.1.1. - (Hoje/1 mês) Prefere receber 19/20"
> label var PI1_1_2 "PI1.1.2. - (Hoje/1 mês) Prefere receber 18/20"
> label var PI1_1_3 "PI1.1.3. - (Hoje/1 mês) Prefere receber 16/20"
> label var PI1_1_4 "PI1.1.4. - (Hoje/1 mês) Prefere receber 14/20"
> label var PI1_1_5 "PI1.1.5. - (Hoje/1 mês) Prefere receber 11/20"
> label var PI1_1_6 "PI1.1.6. - (Hoje/1 mês) Prefere receber 8/20"
> label var PI1_1_7 "PI1.1.7. - (Hoje/1 mês) Prefere receber 5/20"
> 
> label var PI1_2_8 "PI1.2.8. - (Hoje/3 meses) Prefere receber 19/20"
> label var PI1_2_9 "PI1.2.9. - (Hoje/3 meses) Prefere receber 18/20"
> label var PI1_2_10 "PI1.2.10. - (Hoje/3 meses) Prefere receber 16/20"
> label var PI1_2_11 "PI1.2.11. - (Hoje/3 meses) Prefere receber 13/20"
> label var PI1_2_12 "PI1.2.12. - (Hoje/3 meses) Prefere receber 10/20"
> label var PI1_2_13 "PI1.2.13. - (Hoje/3 meses) Prefere receber 7/20"
> label var PI1_2_14 "PI1.2.14. - (Hoje/3 meses) Prefere receber 4/20"
> label var PI1_3_15 "PI1.3.15. - (1 mês/3 meses) Prefere receber 19/20"
> label var PI1_3_16 "PI1.3.16. - (1 mês/3 meses) Prefere receber 18/20"
> label var PI1_3_17 "PI1.3.17. - (1 mês/3 meses) Prefere receber 16/20"
> label var PI1_3_18 "PI1.3.18. - (1 mês/3 meses) Prefere receber 13/20"
> label var PI1_3_19 "PI1.3.19. - (1 mês/3 meses) Prefere receber 10/20"
> label var PI1_3_20 "PI1.3.10. - (1 mês/3 meses) Prefere receber 7/20"
> label var PI1_3_21 "PI1.3.21. - (1 mês/3 meses) Prefere receber 4/20"
>         
> // --
> 
> des PI1_1 PI1_2 PI1_3 PI1_4 PI1_5 PI1_6 PI1_7 PI1_8 PI1_9 PI1_10 PI1_11 PI1_12 PI1_13 PI1_14 PI1_15 PI1_
> 16 PI1_17 PI1_18 PI1_19 PI1_20
> 
> //label list PI1_1 PI1_2 PI1_3 PI1_4 PI1_5 PI1_6 PI1_7 PI1_8 PI1_9 PI1_10 PI1_11 PI1_12 PI1_13 PI1_14 PI
> 1_15 PI1_16 PI1_17 PI1_18 PI1_19 PI1_20
>         
> label var PI1_1 "PI1.1.1. - Se sair recebe "
> label var PI1_2 "PI1.1.2. - Se sair recebe "
> label var PI1_3 "PI1.1.3. - Se sair recebe "
> label var PI1_4 "PI1.1.4. - Se sair recebe "
> label var PI1_5 "PI1.1.5. - Se sair recebe "
> label var PI1_6 "PI1.1.6. - Se sair recebe "
> label var PI1_7 "PI1.1.7. - Se sair recebe "
> label var PI1_8 "PI1.2.8. - Se sair recebe "
> label var PI1_9 "PI1.2.9. - Se sair recebe "
> label var PI1_10 "PI1.2.10. - Se sair recebe "
> label var PI1_11 "PI1.2.11. - Se sair recebe "
> label var PI1_12 "PI1.2.12. - Se sair recebe "
> label var PI1_13 "PI1.2.13. - Se sair recebe "
> label var PI1_14 "PI1.2.14. - Se sair recebe "
> label var PI1_15 "PI1.3.15. - Se sair recebe "
> label var PI1_16 "PI1.3.16. - Se sair recebe "
> label var PI1_17 "PI1.3.17. - Se sair recebe "
> label var PI1_18 "PI1.3.18. - Se sair recebe "
> label var PI1_19 "PI1.3.19. - Se sair recebe "
> label var PI1_20 "PI1.3.10. - Se sair recebe "
>         
> // -- TEMPOS
> des FECHAINI HORAINI DURACION DATA1 HORA_INI TIEMPOINI DATA2 HORA_FIM TIEMPOFIN TIEMPO
> 
> // -->> o formato da variável mudou
> des TIEMPOINI
> destring TIEMPOINI, replace force
> 
> gen minutos = TIEMPOINI/60
> format %12.1f minutos
> 
> sum minutos, detail
> 
> count if minutos < 10
> sum minutos if minutos < 15, detail
> 
> count if minutos > 50
> sum minutos if minutos > 50, detail
> 
> 
> // -- TERMINOU
> 
> // -->> não temos a indicação de que o questionário foi terminado
> 
>         //tab1 TER CI
> 
> //      br FECHAINI HORAINI DURACION DATA1 HORA_INI TIEMPOINI DATA2 HORA_FIM TIEMPOFIN TIEMPO TER
> 
> // -- ELIMINAR NÃO CONCLUÍDOS::9 questionários
> // -- Eliminar questionários que duraram menos de 10 minutos, ou mais de 70 minutos
> 
> count
> 
> capture drop if TER ~= 1
> capture         drop TER
> sum minutos, detail
> scalar mm = r(p50)*0.4
> 
>         drop if minutos < mm
> 
> count
> 
> drop FECHAINI HORAINI DURACION ID_CONTACTO /*CI*/ DATA1 HORA_INI TIEMPOINI DATA2 HORA_FIM TIEMPOFIN TIEM
> PO
> 
> compress
> label list A1
> tab A1
> 
> gen mulher = (A1 == 2)
>         
>         label define mulher 0 "Homem" 1 "Mulher"
>         label values mulher mulher
>         tab mulher
> 
> ren A2 idade
> 
> order ESTUDIO SEG_AMOSTRA Weight D_TIPO C_TIPO NUTS2 mulher idade IDADE_ESC A4 A5 A5N A5_COD A5_1 A5_1_O
> UT A7 A10 A11 T1 T1_OUT T2 T2_OUT T2_1 T2_1_OUT T3 T3_OUT T3_1 T3_1_OUT
> 
> drop A1 - CONT_TRAB
> 
> compress
> save data_clean_2, replace
> 
> //export excel using "../Dashboard/INQUERITO_DADOS.xlsx", firstrow(variables) replace
> //savespss "../Dashboard/INQUERITO_DADOS.sav", replace
> //xmlsave "../Dashboard/INQUERITO_DADOS.xml", replace
> 
>         keep COMENTARIOS
>         replace COMENTARIOS = trim(itrim(trim(itrim(COMENTARIOS))))
>         replace COMENTARIOS = trim(itrim(trim(itrim(COMENTARIOS))))
>         keep if COMENTARIOS ~= ""
>         keep if COMENTARIOS ~= " "
>         compress
>         export delimited using "../Dashboard/Comentarios.txt", replace
>         export excel using "../Dashboard/Comentarios.xlsx", replace
> 
> */
. 
. // ---
. 
. capture log close
